NODENT ul INDENT li foo NODENT li bar NODENT li baz DEDENT99999 