NODENT extends ./auxiliary/blocks-in-blocks-layout.pug NODENT block body INDENT h1 Page 2 DEDENT99999 