NODENT ul INDENT li: a(href='#') foo NODENT li: a(href='#') bar DEDENT99999 