NODENT figure INDENT blockquote DEDENT     Try to define yourself by what you do, and you&#8217;ll burnout every time. You are. That is enough. I rest in that. 