NODENT p= null NODENT p= undefined NODENT p= '' NODENT p= 0 NODENT p= false NODENT p(foo=null) NODENT p(foo=undefined) NODENT p(foo='') NODENT p(foo=0) 