NODENT //- INDENT s/s. DEDENT //- test/cases/comments.source.pug NODENT //- INDENT test/cases/comments.source.pug NODENT when NODENT () DEDENT99999 