NODENT doctype NODENT html INDENT body DEDENT99999 