NODENT html INDENT body INDENT include:markdown-it some.md NODENT script INDENT include:coffee-script(minify=true) include-filter-coffee.coffee DEDENT script INDENT include:coffee-script(minify=false) include-filter-coffee.coffee DEDENT99999 DEDENT99999 DEDENT99999 