NODENT doctype html NODENT input(type='checkbox', checked) NODENT input(type='checkbox', checked=true) 