NODENT include auxiliary/yield-nested.pug INDENT p some content NODENT p and some more DEDENT99999 