NODENT include auxiliary/extends-empty-block-1.pug NODENT include auxiliary/extends-empty-block-2.pug 