NODENT script#pet-template(type='text/x-template') INDENT include auxiliary/pet.pug DEDENT99999 