NODENT html INDENT head INDENT block head INDENT script(src='jquery.js') NODENT script(src='keymaster.js') DEDENT99999 DEDENT99999 DEDENT99999 