NODENT extends auxiliary/layout.pug NODENT block head INDENT script(src='jquery.js') DEDENT block content INDENT h2 Page NODENT p Some content DEDENT99999 