NODENT p #[a.rho(href='#', class='rho--modifier') with inline link] NODENT p Some text #[a.rho(href='#', class='rho--modifier')] 