NODENT - var id = 42; NODENT foo NODENT   some NODENT   \#{text} NODENT   here 