NODENT mixin centered(title) INDENT div.centered(id=attributes.id) INDENT - if (title) INDENT h1(class=attributes.class)= title DEDENT block NODENT - if (attributes.href) INDENT .footer INDENT a(href=attributes.href) Back DEDENT DEDENT DEDENT DEDENT mixin main(title) INDENT div.stretch INDENT +centered(title).highlight&attributes(attributes) INDENT block DEDENT DEDENT DEDENT mixin bottom INDENT div.bottom&attributes(attributes) INDENT block DEDENT DEDENT body INDENT +centered#First Hello World NODENT +centered('Section 1')#Second INDENT p Some important content. DEDENT +centered('Section 2')#Third.foo(href='menu.html', class='bar') INDENT p Even more important content. DEDENT +main('Section 3')(href='#') INDENT p Last content. DEDENT +bottom.foo(class='bar', name='end', id='Last', data-attr='baz') INDENT p Some final words. DEDENT +bottom(class=['class1', 'class2']) DEDENT mixin foo INDENT div.thing(attr1='foo', attr2='bar')&attributes(attributes) DEDENT - var val = '<biz>' NODENT - var classes = ['foo', 'bar'] NODENT +foo(attr3='baz' data-foo=val data-bar!=val class=classes).thunk NODENT //- Regression test for #1424 NODENT mixin work_filmstrip_item(work) INDENT div&attributes(attributes)= work DEDENT +work_filmstrip_item('work')("data-profile"='profile', "data-creator-name"='name') NODENT mixin my-mixin(arg1, arg2, arg3, arg4) INDENT p= arg1 NODENT p= arg2 NODENT p= arg3 NODENT p= arg4 DEDENT +foo( INDENT attr3="qux" NODENT class="baz" DEDENT ) NODENT +my-mixin( NODENT '1', INDENT '2', DEDENT '3', INDENT '4' DEDENT ) 