NODENT mixin m(id) INDENT div INDENT block DEDENT DEDENT +m() 