NODENT mixin never-called INDENT .wtf This isn't something we ever want to output DEDENT99999 