NODENT // INDENT .foo DEDENT .bar INDENT .hey DEDENT99999 