NODENT :markdown-it INDENT code sample DEDENT # Heading 