NODENT pre. INDENT foo NODENT bar NODENT baz DEDENT pre INDENT code. INDENT foo NODENT bar DEDENT99999 DEDENT99999 