NODENT html INDENT audio(preload='auto', autobuffer, controls) INDENT source(src='foo') DEDENT99999 DEDENT99999 