NODENT script(type='text/x-template') INDENT article INDENT h2 {{title}} NODENT p {{description}} DEDENT DEDENT script(type='text/x-template'). INDENT article INDENT h2 {{title}} NODENT p {{description}} DEDENT99999 DEDENT99999 