NODENT label Username: INDENT input(type='text', name='user[name]') DEDENT label Password: 