NODENT html INDENT body INDENT include yield-title-head.pug DEDENT       DEDENT       My Title 