NODENT head INDENT script(src='/jquery.js') NODENT yield NODENT if false INDENT script(src='/jquery.ui.js') DEDENT99999 DEDENT99999 